Acquiring state lock. This may take a few moments...
[0m[1mmodule.iam.data.aws_iam_openid_connect_provider.github: Reading...[0m[0m
[0m[1mdata.aws_caller_identity.current: Reading...[0m[0m
[0m[1mmodule.ecr.aws_ecr_repository.service["vets-service"]: Refreshing state... [id=petclinic-dev/vets-service][0m
[0m[1mmodule.eks.aws_iam_role.node: Refreshing state... [id=petclinic-dev-eks-node-role][0m
[0m[1mmodule.ecr.aws_ecr_repository.service["visits-service"]: Refreshing state... [id=petclinic-dev/visits-service][0m
[0m[1mmodule.vpc.aws_vpc.this: Refreshing state... [id=vpc-0fc81a2790cbd4697][0m
[0m[1mmodule.eks.aws_iam_role.cluster: Refreshing state... [id=petclinic-dev-eks-cluster-role][0m
[0m[1mmodule.ecr.aws_ecr_repository.service["admin-server"]: Refreshing state... [id=petclinic-dev/admin-server][0m
[0m[1mmodule.iam.data.aws_iam_policy_document.lb_controller_permissions: Reading...[0m[0m
[0m[1mmodule.ecr.aws_ecr_repository.service["config-server"]: Refreshing state... [id=petclinic-dev/config-server][0m
[0m[1mmodule.iam.data.aws_iam_policy_document.lb_controller_permissions: Read complete after 0s [id=1537305895][0m
[0m[1mmodule.ecr.aws_ecr_repository.service["customers-service"]: Refreshing state... [id=petclinic-dev/customers-service][0m
[0m[1mdata.aws_caller_identity.current: Read complete after 0s [id=482352877891][0m
[0m[1mmodule.ecr.aws_ecr_repository.service["api-gateway"]: Refreshing state... [id=petclinic-dev/api-gateway][0m
[0m[1mmodule.iam.data.aws_iam_openid_connect_provider.github: Read complete after 1s [id=arn:aws:iam::482352877891:oidc-provider/token.actions.githubusercontent.com][0m
[0m[1mmodule.ecr.aws_ecr_repository.service["discovery-server"]: Refreshing state... [id=petclinic-dev/discovery-server][0m
[0m[1mmodule.ecr.aws_ecr_repository.service["genai-service"]: Refreshing state... [id=petclinic-dev/genai-service][0m
[0m[1mmodule.iam.data.aws_iam_policy_document.github_actions_trust: Reading...[0m[0m
[0m[1mmodule.iam.data.aws_iam_policy_document.github_actions_trust: Read complete after 0s [id=4026884116][0m
[0m[1mmodule.iam.data.aws_iam_policy_document.github_actions_permissions: Reading...[0m[0m
[0m[1mmodule.iam.data.aws_iam_policy_document.github_actions_permissions: Read complete after 0s [id=1028326549][0m
[0m[1mmodule.eks.aws_iam_role_policy_attachment.cluster_policy: Refreshing state... [id=petclinic-dev-eks-cluster-role-20260512050405728200000001][0m
[0m[1mmodule.eks.aws_iam_role_policy_attachment.node_cni_policy: Refreshing state... [id=petclinic-dev-eks-node-role-20260512050405965700000004][0m
[0m[1mmodule.eks.aws_iam_role_policy_attachment.node_registry_policy: Refreshing state... [id=petclinic-dev-eks-node-role-20260512050405803700000002][0m
[0m[1mmodule.eks.aws_iam_role_policy_attachment.node_worker_policy: Refreshing state... [id=petclinic-dev-eks-node-role-20260512050405941300000003][0m
[0m[1mmodule.ecr.aws_ecr_lifecycle_policy.service["api-gateway"]: Refreshing state... [id=petclinic-dev/api-gateway][0m
[0m[1mmodule.ecr.aws_ecr_lifecycle_policy.service["config-server"]: Refreshing state... [id=petclinic-dev/config-server][0m
[0m[1mmodule.ecr.aws_ecr_lifecycle_policy.service["discovery-server"]: Refreshing state... [id=petclinic-dev/discovery-server][0m
[0m[1mmodule.ecr.aws_ecr_lifecycle_policy.service["genai-service"]: Refreshing state... [id=petclinic-dev/genai-service][0m
[0m[1mmodule.ecr.aws_ecr_lifecycle_policy.service["admin-server"]: Refreshing state... [id=petclinic-dev/admin-server][0m
[0m[1mmodule.ecr.aws_ecr_lifecycle_policy.service["visits-service"]: Refreshing state... [id=petclinic-dev/visits-service][0m
[0m[1mmodule.ecr.aws_ecr_lifecycle_policy.service["customers-service"]: Refreshing state... [id=petclinic-dev/customers-service][0m
[0m[1mmodule.ecr.aws_ecr_lifecycle_policy.service["vets-service"]: Refreshing state... [id=petclinic-dev/vets-service][0m
[0m[1mmodule.vpc.aws_internet_gateway.this: Refreshing state... [id=igw-085b5e15c7345aaa3][0m
[0m[1mmodule.vpc.aws_security_group.eks_cluster: Refreshing state... [id=sg-08ad864c18bbc4221][0m
[0m[1mmodule.vpc.aws_route_table.public: Refreshing state... [id=rtb-05c53054a02efe726][0m
[0m[1mmodule.vpc.aws_subnet.public[1]: Refreshing state... [id=subnet-0c7d712147166d33e][0m
[0m[1mmodule.vpc.aws_subnet.public[0]: Refreshing state... [id=subnet-04aa30963087ffcc8][0m
[0m[1mmodule.vpc.aws_security_group.alb: Refreshing state... [id=sg-0b727f6adcdf3f9a4][0m
[0m[1mmodule.vpc.aws_security_group.eks_node: Refreshing state... [id=sg-06fc7ab81b16cba69][0m
[0m[1mmodule.vpc.aws_route.public_internet_access: Refreshing state... [id=r-rtb-05c53054a02efe7261080289494][0m
[0m[1mmodule.vpc.aws_route_table_association.public[0]: Refreshing state... [id=rtbassoc-0ae2812da5e7069e2][0m
[0m[1mmodule.vpc.aws_route_table_association.public[1]: Refreshing state... [id=rtbassoc-0993b1eba0a703c7b][0m
[0m[1mmodule.rds.aws_db_subnet_group.this: Refreshing state... [id=petclinic-dev-rds-subnet-group][0m
[0m[1mmodule.eks.aws_eks_cluster.this: Refreshing state... [id=petclinic-dev][0m
[0m[1mmodule.vpc.aws_security_group_rule.eks_cluster_ingress_from_nodes_https: Refreshing state... [id=sgrule-3512552110][0m
[0m[1mmodule.vpc.aws_security_group.rds: Refreshing state... [id=sg-05f524b3bc7e9fc86][0m
[0m[1mmodule.eks.aws_launch_template.node: Refreshing state... [id=lt-0189aa3952ceba924][0m
[0m[1mmodule.eks.data.tls_certificate.eks_oidc: Reading...[0m[0m
[0m[1mmodule.eks.aws_eks_node_group.main: Refreshing state... [id=petclinic-dev:petclinic-dev-nodes][0m
[0m[1mmodule.rds.aws_db_instance.this: Refreshing state... [id=db-AAL4GSYWIL4HD4HVF4KQG7KAYA][0m
[0m[1mmodule.eks.data.tls_certificate.eks_oidc: Read complete after 0s [id=b1b539daa206035ae3c3e28288b0681fa1b462f3][0m
[0m[1mmodule.eks.aws_iam_openid_connect_provider.eks: Refreshing state... [id=arn:aws:iam::482352877891:oidc-provider/oidc.eks.us-east-1.amazonaws.com/id/6514929A3E8F5877215665F5865535D0][0m
[0m[1mmodule.iam.data.aws_iam_policy_document.eso_permissions: Reading...[0m[0m
[0m[1mmodule.iam.data.aws_iam_policy_document.eso_permissions: Read complete after 0s [id=488923002][0m
[0m[1mmodule.iam.data.aws_iam_policy_document.lb_controller_trust: Reading...[0m[0m
[0m[1mmodule.iam.data.aws_iam_policy_document.eso_trust: Reading...[0m[0m
[0m[1mmodule.iam.data.aws_iam_policy_document.ebs_csi_trust: Reading...[0m[0m
[0m[1mmodule.iam.data.aws_iam_policy_document.lb_controller_trust: Read complete after 0s [id=3347152109][0m
[0m[1mmodule.iam.data.aws_iam_policy_document.ebs_csi_trust: Read complete after 0s [id=2544518657][0m
[0m[1mmodule.iam.data.aws_iam_policy_document.eso_trust: Read complete after 0s [id=768445078][0m

Terraform used the selected providers to generate the following execution
plan. Resource actions are indicated with the following symbols:
  [32m+[0m create[0m
  [33m~[0m update in-place[0m

Terraform will perform the following actions:

[1m  # module.eks.aws_eks_node_group.main[0m will be updated in-place
[0m  [33m~[0m[0m resource "aws_eks_node_group" "main" {
        id                     = "petclinic-dev:petclinic-dev-nodes"
        tags                   = {
            "Name" = "petclinic-dev-nodes"
        }
        [90m# (16 unchanged attributes hidden)[0m[0m

      [33m~[0m[0m launch_template {
            id      = "lt-0189aa3952ceba924"
            name    = "petclinic-dev-eks-node-20260512050429155200000006"
          [33m~[0m[0m version = "1" [33m->[0m[0m "$Latest"
        }

        [90m# (2 unchanged blocks hidden)[0m[0m
    }

[1m  # module.iam.aws_iam_role.ebs_csi[0m will be created
[0m  [32m+[0m[0m resource "aws_iam_role" "ebs_csi" {
      [32m+[0m[0m arn                   = (known after apply)
      [32m+[0m[0m assume_role_policy    = jsonencode(
            {
              [32m+[0m[0m Statement = [
                  [32m+[0m[0m {
                      [32m+[0m[0m Action    = "sts:AssumeRoleWithWebIdentity"
                      [32m+[0m[0m Condition = {
                          [32m+[0m[0m StringEquals = {
                              [32m+[0m[0m "oidc.eks.us-east-1.amazonaws.com/id/6514929A3E8F5877215665F5865535D0:aud" = "sts.amazonaws.com"
                              [32m+[0m[0m "oidc.eks.us-east-1.amazonaws.com/id/6514929A3E8F5877215665F5865535D0:sub" = "system:serviceaccount:kube-system:ebs-csi-controller-sa"
                            }
                        }
                      [32m+[0m[0m Effect    = "Allow"
                      [32m+[0m[0m Principal = {
                          [32m+[0m[0m Federated = "arn:aws:iam::482352877891:oidc-provider/oidc.eks.us-east-1.amazonaws.com/id/6514929A3E8F5877215665F5865535D0"
                        }
                    },
                ]
              [32m+[0m[0m Version   = "2012-10-17"
            }
        )
      [32m+[0m[0m create_date           = (known after apply)
      [32m+[0m[0m description           = "IRSA role - EBS CSI Driver provisions persistent storage volumes"
      [32m+[0m[0m force_detach_policies = false
      [32m+[0m[0m id                    = (known after apply)
      [32m+[0m[0m managed_policy_arns   = (known after apply)
      [32m+[0m[0m max_session_duration  = 3600
      [32m+[0m[0m name                  = "petclinic-dev-ebs-csi-role"
      [32m+[0m[0m name_prefix           = (known after apply)
      [32m+[0m[0m path                  = "/"
      [32m+[0m[0m tags                  = {
          [32m+[0m[0m "Name" = "petclinic-dev-ebs-csi-role"
        }
      [32m+[0m[0m tags_all              = {
          [32m+[0m[0m "Environment" = "dev"
          [32m+[0m[0m "ManagedBy"   = "terraform"
          [32m+[0m[0m "Name"        = "petclinic-dev-ebs-csi-role"
          [32m+[0m[0m "Project"     = "petclinic"
          [32m+[0m[0m "Team"        = "team-1-infra"
        }
      [32m+[0m[0m unique_id             = (known after apply)

      [32m+[0m[0m inline_policy (known after apply)
    }

[1m  # module.iam.aws_iam_role.eso[0m will be created
[0m  [32m+[0m[0m resource "aws_iam_role" "eso" {
      [32m+[0m[0m arn                   = (known after apply)
      [32m+[0m[0m assume_role_policy    = jsonencode(
            {
              [32m+[0m[0m Statement = [
                  [32m+[0m[0m {
                      [32m+[0m[0m Action    = "sts:AssumeRoleWithWebIdentity"
                      [32m+[0m[0m Condition = {
                          [32m+[0m[0m StringEquals = {
                              [32m+[0m[0m "oidc.eks.us-east-1.amazonaws.com/id/6514929A3E8F5877215665F5865535D0:aud" = "sts.amazonaws.com"
                              [32m+[0m[0m "oidc.eks.us-east-1.amazonaws.com/id/6514929A3E8F5877215665F5865535D0:sub" = "system:serviceaccount:external-secrets:external-secrets-sa"
                            }
                        }
                      [32m+[0m[0m Effect    = "Allow"
                      [32m+[0m[0m Principal = {
                          [32m+[0m[0m Federated = "arn:aws:iam::482352877891:oidc-provider/oidc.eks.us-east-1.amazonaws.com/id/6514929A3E8F5877215665F5865535D0"
                        }
                    },
                ]
              [32m+[0m[0m Version   = "2012-10-17"
            }
        )
      [32m+[0m[0m create_date           = (known after apply)
      [32m+[0m[0m description           = "IRSA role - External Secrets Operator reads RDS credentials from Secrets Manager"
      [32m+[0m[0m force_detach_policies = false
      [32m+[0m[0m id                    = (known after apply)
      [32m+[0m[0m managed_policy_arns   = (known after apply)
      [32m+[0m[0m max_session_duration  = 3600
      [32m+[0m[0m name                  = "petclinic-dev-eso-role"
      [32m+[0m[0m name_prefix           = (known after apply)
      [32m+[0m[0m path                  = "/"
      [32m+[0m[0m tags                  = {
          [32m+[0m[0m "Name" = "petclinic-dev-eso-role"
        }
      [32m+[0m[0m tags_all              = {
          [32m+[0m[0m "Environment" = "dev"
          [32m+[0m[0m "ManagedBy"   = "terraform"
          [32m+[0m[0m "Name"        = "petclinic-dev-eso-role"
          [32m+[0m[0m "Project"     = "petclinic"
          [32m+[0m[0m "Team"        = "team-1-infra"
        }
      [32m+[0m[0m unique_id             = (known after apply)

      [32m+[0m[0m inline_policy (known after apply)
    }

[1m  # module.iam.aws_iam_role.github_actions[0m will be created
[0m  [32m+[0m[0m resource "aws_iam_role" "github_actions" {
      [32m+[0m[0m arn                   = (known after apply)
      [32m+[0m[0m assume_role_policy    = jsonencode(
            {
              [32m+[0m[0m Statement = [
                  [32m+[0m[0m {
                      [32m+[0m[0m Action    = "sts:AssumeRoleWithWebIdentity"
                      [32m+[0m[0m Condition = {
                          [32m+[0m[0m StringEquals = {
                              [32m+[0m[0m "token.actions.githubusercontent.com:aud" = "sts.amazonaws.com"
                              [32m+[0m[0m "token.actions.githubusercontent.com:sub" = "repo:lua-cloud03/petclinic-platform:ref:refs/heads/infra/paul"
                            }
                        }
                      [32m+[0m[0m Effect    = "Allow"
                      [32m+[0m[0m Principal = {
                          [32m+[0m[0m Federated = "arn:aws:iam::482352877891:oidc-provider/token.actions.githubusercontent.com"
                        }
                    },
                ]
              [32m+[0m[0m Version   = "2012-10-17"
            }
        )
      [32m+[0m[0m create_date           = (known after apply)
      [32m+[0m[0m description           = "Keyless CI role - GitHub Actions pushes images to ECR via OIDC, no stored AWS keys"
      [32m+[0m[0m force_detach_policies = false
      [32m+[0m[0m id                    = (known after apply)
      [32m+[0m[0m managed_policy_arns   = (known after apply)
      [32m+[0m[0m max_session_duration  = 3600
      [32m+[0m[0m name                  = "petclinic-github-actions-role"
      [32m+[0m[0m name_prefix           = (known after apply)
      [32m+[0m[0m path                  = "/"
      [32m+[0m[0m tags                  = {
          [32m+[0m[0m "Name" = "petclinic-github-actions-role"
        }
      [32m+[0m[0m tags_all              = {
          [32m+[0m[0m "Environment" = "dev"
          [32m+[0m[0m "ManagedBy"   = "terraform"
          [32m+[0m[0m "Name"        = "petclinic-github-actions-role"
          [32m+[0m[0m "Project"     = "petclinic"
          [32m+[0m[0m "Team"        = "team-1-infra"
        }
      [32m+[0m[0m unique_id             = (known after apply)

      [32m+[0m[0m inline_policy (known after apply)
    }

[1m  # module.iam.aws_iam_role.lb_controller[0m will be created
[0m  [32m+[0m[0m resource "aws_iam_role" "lb_controller" {
      [32m+[0m[0m arn                   = (known after apply)
      [32m+[0m[0m assume_role_policy    = jsonencode(
            {
              [32m+[0m[0m Statement = [
                  [32m+[0m[0m {
                      [32m+[0m[0m Action    = "sts:AssumeRoleWithWebIdentity"
                      [32m+[0m[0m Condition = {
                          [32m+[0m[0m StringEquals = {
                              [32m+[0m[0m "oidc.eks.us-east-1.amazonaws.com/id/6514929A3E8F5877215665F5865535D0:aud" = "sts.amazonaws.com"
                              [32m+[0m[0m "oidc.eks.us-east-1.amazonaws.com/id/6514929A3E8F5877215665F5865535D0:sub" = "system:serviceaccount:kube-system:aws-load-balancer-controller"
                            }
                        }
                      [32m+[0m[0m Effect    = "Allow"
                      [32m+[0m[0m Principal = {
                          [32m+[0m[0m Federated = "arn:aws:iam::482352877891:oidc-provider/oidc.eks.us-east-1.amazonaws.com/id/6514929A3E8F5877215665F5865535D0"
                        }
                    },
                ]
              [32m+[0m[0m Version   = "2012-10-17"
            }
        )
      [32m+[0m[0m create_date           = (known after apply)
      [32m+[0m[0m description           = "IRSA role - AWS Load Balancer Controller creates and manages the ALB"
      [32m+[0m[0m force_detach_policies = false
      [32m+[0m[0m id                    = (known after apply)
      [32m+[0m[0m managed_policy_arns   = (known after apply)
      [32m+[0m[0m max_session_duration  = 3600
      [32m+[0m[0m name                  = "petclinic-dev-lb-controller-role"
      [32m+[0m[0m name_prefix           = (known after apply)
      [32m+[0m[0m path                  = "/"
      [32m+[0m[0m tags                  = {
          [32m+[0m[0m "Name" = "petclinic-dev-lb-controller-role"
        }
      [32m+[0m[0m tags_all              = {
          [32m+[0m[0m "Environment" = "dev"
          [32m+[0m[0m "ManagedBy"   = "terraform"
          [32m+[0m[0m "Name"        = "petclinic-dev-lb-controller-role"
          [32m+[0m[0m "Project"     = "petclinic"
          [32m+[0m[0m "Team"        = "team-1-infra"
        }
      [32m+[0m[0m unique_id             = (known after apply)

      [32m+[0m[0m inline_policy (known after apply)
    }

[1m  # module.iam.aws_iam_role_policy.eso[0m will be created
[0m  [32m+[0m[0m resource "aws_iam_role_policy" "eso" {
      [32m+[0m[0m id          = (known after apply)
      [32m+[0m[0m name        = "petclinic-dev-eso-policy"
      [32m+[0m[0m name_prefix = (known after apply)
      [32m+[0m[0m policy      = jsonencode(
            {
              [32m+[0m[0m Statement = [
                  [32m+[0m[0m {
                      [32m+[0m[0m Action   = [
                          [32m+[0m[0m "secretsmanager:GetSecretValue",
                          [32m+[0m[0m "secretsmanager:DescribeSecret",
                        ]
                      [32m+[0m[0m Effect   = "Allow"
                      [32m+[0m[0m Resource = "arn:aws:secretsmanager:us-east-1:482352877891:secret:rds!db-5fa54b21-4939-4ee8-a03b-d254b5e1b40d-6YaCRZ"
                      [32m+[0m[0m Sid      = "ReadRDSSecret"
                    },
                ]
              [32m+[0m[0m Version   = "2012-10-17"
            }
        )
      [32m+[0m[0m role        = (known after apply)
    }

[1m  # module.iam.aws_iam_role_policy.github_actions[0m will be created
[0m  [32m+[0m[0m resource "aws_iam_role_policy" "github_actions" {
      [32m+[0m[0m id          = (known after apply)
      [32m+[0m[0m name        = "petclinic-github-actions-ecr-policy"
      [32m+[0m[0m name_prefix = (known after apply)
      [32m+[0m[0m policy      = jsonencode(
            {
              [32m+[0m[0m Statement = [
                  [32m+[0m[0m {
                      [32m+[0m[0m Action   = "ecr:GetAuthorizationToken"
                      [32m+[0m[0m Effect   = "Allow"
                      [32m+[0m[0m Resource = "*"
                      [32m+[0m[0m Sid      = "ECRLogin"
                    },
                  [32m+[0m[0m {
                      [32m+[0m[0m Action   = [
                          [32m+[0m[0m "ecr:UploadLayerPart",
                          [32m+[0m[0m "ecr:PutImage",
                          [32m+[0m[0m "ecr:InitiateLayerUpload",
                          [32m+[0m[0m "ecr:GetDownloadUrlForLayer",
                          [32m+[0m[0m "ecr:CompleteLayerUpload",
                          [32m+[0m[0m "ecr:BatchGetImage",
                          [32m+[0m[0m "ecr:BatchCheckLayerAvailability",
                        ]
                      [32m+[0m[0m Effect   = "Allow"
                      [32m+[0m[0m Resource = "arn:aws:ecr:us-east-1:482352877891:repository/petclinic-dev/*"
                      [32m+[0m[0m Sid      = "ECRPush"
                    },
                ]
              [32m+[0m[0m Version   = "2012-10-17"
            }
        )
      [32m+[0m[0m role        = (known after apply)
    }

[1m  # module.iam.aws_iam_role_policy.lb_controller[0m will be created
[0m  [32m+[0m[0m resource "aws_iam_role_policy" "lb_controller" {
      [32m+[0m[0m id          = (known after apply)
      [32m+[0m[0m name        = "petclinic-dev-lb-controller-policy"
      [32m+[0m[0m name_prefix = (known after apply)
      [32m+[0m[0m policy      = jsonencode(
            {
              [32m+[0m[0m Statement = [
                  [32m+[0m[0m {
                      [32m+[0m[0m Action   = [
                          [32m+[0m[0m "ec2:GetCoipPoolUsage",
                          [32m+[0m[0m "ec2:DescribeVpcs",
                          [32m+[0m[0m "ec2:DescribeVpcPeeringConnections",
                          [32m+[0m[0m "ec2:DescribeTags",
                          [32m+[0m[0m "ec2:DescribeSubnets",
                          [32m+[0m[0m "ec2:DescribeSecurityGroups",
                          [32m+[0m[0m "ec2:DescribeNetworkInterfaces",
                          [32m+[0m[0m "ec2:DescribeInternetGateways",
                          [32m+[0m[0m "ec2:DescribeInstances",
                          [32m+[0m[0m "ec2:DescribeCoipPools",
                          [32m+[0m[0m "ec2:DescribeAvailabilityZones",
                          [32m+[0m[0m "ec2:DescribeAddresses",
                          [32m+[0m[0m "ec2:DescribeAccountAttributes",
                        ]
                      [32m+[0m[0m Effect   = "Allow"
                      [32m+[0m[0m Resource = "*"
                      [32m+[0m[0m Sid      = "DescribeNetworkResources"
                    },
                  [32m+[0m[0m {
                      [32m+[0m[0m Action   = [
                          [32m+[0m[0m "ec2:RevokeSecurityGroupIngress",
                          [32m+[0m[0m "ec2:DeleteTags",
                          [32m+[0m[0m "ec2:DeleteSecurityGroup",
                          [32m+[0m[0m "ec2:CreateTags",
                          [32m+[0m[0m "ec2:CreateSecurityGroup",
                          [32m+[0m[0m "ec2:AuthorizeSecurityGroupIngress",
                        ]
                      [32m+[0m[0m Effect   = "Allow"
                      [32m+[0m[0m Resource = "*"
                      [32m+[0m[0m Sid      = "ManageSecurityGroupRules"
                    },
                  [32m+[0m[0m {
                      [32m+[0m[0m Action   = [
                          [32m+[0m[0m "elasticloadbalancing:SetWebAcl",
                          [32m+[0m[0m "elasticloadbalancing:SetSubnets",
                          [32m+[0m[0m "elasticloadbalancing:SetSecurityGroups",
                          [32m+[0m[0m "elasticloadbalancing:SetIpAddressType",
                          [32m+[0m[0m "elasticloadbalancing:RemoveTags",
                          [32m+[0m[0m "elasticloadbalancing:RemoveListenerCertificates",
                          [32m+[0m[0m "elasticloadbalancing:RegisterTargets",
                          [32m+[0m[0m "elasticloadbalancing:ModifyTargetGroupAttributes",
                          [32m+[0m[0m "elasticloadbalancing:ModifyTargetGroup",
                          [32m+[0m[0m "elasticloadbalancing:ModifyRule",
                          [32m+[0m[0m "elasticloadbalancing:ModifyLoadBalancerAttributes",
                          [32m+[0m[0m "elasticloadbalancing:ModifyListener",
                          [32m+[0m[0m "elasticloadbalancing:DescribeTargetHealth",
                          [32m+[0m[0m "elasticloadbalancing:DescribeTargetGroups",
                          [32m+[0m[0m "elasticloadbalancing:DescribeTargetGroupAttributes",
                          [32m+[0m[0m "elasticloadbalancing:DescribeTags",
                          [32m+[0m[0m "elasticloadbalancing:DescribeSSLPolicies",
                          [32m+[0m[0m "elasticloadbalancing:DescribeRules",
                          [32m+[0m[0m "elasticloadbalancing:DescribeLoadBalancers",
                          [32m+[0m[0m "elasticloadbalancing:DescribeLoadBalancerAttributes",
                          [32m+[0m[0m "elasticloadbalancing:DescribeListeners",
                          [32m+[0m[0m "elasticloadbalancing:DescribeListenerCertificates",
                          [32m+[0m[0m "elasticloadbalancing:DeregisterTargets",
                          [32m+[0m[0m "elasticloadbalancing:DeleteTargetGroup",
                          [32m+[0m[0m "elasticloadbalancing:DeleteRule",
                          [32m+[0m[0m "elasticloadbalancing:DeleteLoadBalancer",
                          [32m+[0m[0m "elasticloadbalancing:DeleteListener",
                          [32m+[0m[0m "elasticloadbalancing:CreateTargetGroup",
                          [32m+[0m[0m "elasticloadbalancing:CreateRule",
                          [32m+[0m[0m "elasticloadbalancing:CreateLoadBalancer",
                          [32m+[0m[0m "elasticloadbalancing:CreateListener",
                          [32m+[0m[0m "elasticloadbalancing:AddTags",
                          [32m+[0m[0m "elasticloadbalancing:AddListenerCertificates",
                        ]
                      [32m+[0m[0m Effect   = "Allow"
                      [32m+[0m[0m Resource = "*"
                      [32m+[0m[0m Sid      = "ManageLoadBalancers"
                    },
                  [32m+[0m[0m {
                      [32m+[0m[0m Action   = [
                          [32m+[0m[0m "iam:ListServerCertificates",
                          [32m+[0m[0m "iam:GetServerCertificate",
                          [32m+[0m[0m "cognito-idp:DescribeUserPoolClient",
                          [32m+[0m[0m "acm:ListCertificates",
                          [32m+[0m[0m "acm:DescribeCertificate",
                        ]
                      [32m+[0m[0m Effect   = "Allow"
                      [32m+[0m[0m Resource = "*"
                      [32m+[0m[0m Sid      = "CertificateAndCognito"
                    },
                  [32m+[0m[0m {
                      [32m+[0m[0m Action   = [
                          [32m+[0m[0m "tag:TagResources",
                          [32m+[0m[0m "tag:GetResources",
                        ]
                      [32m+[0m[0m Effect   = "Allow"
                      [32m+[0m[0m Resource = "*"
                      [32m+[0m[0m Sid      = "TagResources"
                    },
                  [32m+[0m[0m {
                      [32m+[0m[0m Action    = "iam:CreateServiceLinkedRole"
                      [32m+[0m[0m Condition = {
                          [32m+[0m[0m StringEquals = {
                              [32m+[0m[0m "iam:AWSServiceName" = "elasticloadbalancing.amazonaws.com"
                            }
                        }
                      [32m+[0m[0m Effect    = "Allow"
                      [32m+[0m[0m Resource  = "*"
                      [32m+[0m[0m Sid       = "ServiceLinkedRole"
                    },
                ]
              [32m+[0m[0m Version   = "2012-10-17"
            }
        )
      [32m+[0m[0m role        = (known after apply)
    }

[1m  # module.iam.aws_iam_role_policy_attachment.ebs_csi[0m will be created
[0m  [32m+[0m[0m resource "aws_iam_role_policy_attachment" "ebs_csi" {
      [32m+[0m[0m id         = (known after apply)
      [32m+[0m[0m policy_arn = "arn:aws:iam::aws:policy/service-role/AmazonEBSCSIDriverPolicy"
      [32m+[0m[0m role       = "petclinic-dev-ebs-csi-role"
    }

[1mPlan:[0m [0m8 to add, 1 to change, 0 to destroy.

Changes to Outputs:
  [32m+[0m[0m iam_ebs_csi_role_arn                   = (known after apply)
  [32m+[0m[0m iam_eso_role_arn                       = (known after apply)
  [32m+[0m[0m iam_github_actions_role_arn            = (known after apply)
  [32m+[0m[0m iam_lb_controller_role_arn             = (known after apply)
[0m[1mmodule.iam.aws_iam_role.ebs_csi: Creating...[0m[0m
[0m[1mmodule.iam.aws_iam_role.github_actions: Creating...[0m[0m
[0m[1mmodule.iam.aws_iam_role.lb_controller: Creating...[0m[0m
[0m[1mmodule.iam.aws_iam_role.eso: Creating...[0m[0m
[0m[1mmodule.eks.aws_eks_node_group.main: Modifying... [id=petclinic-dev:petclinic-dev-nodes][0m[0m
[0m[1mmodule.iam.aws_iam_role.ebs_csi: Creation complete after 2s [id=petclinic-dev-ebs-csi-role][0m
[0m[1mmodule.iam.aws_iam_role_policy_attachment.ebs_csi: Creating...[0m[0m
[0m[1mmodule.iam.aws_iam_role.github_actions: Creation complete after 2s [id=petclinic-github-actions-role][0m
[0m[1mmodule.iam.aws_iam_role_policy.github_actions: Creating...[0m[0m
[0m[1mmodule.iam.aws_iam_role.lb_controller: Creation complete after 2s [id=petclinic-dev-lb-controller-role][0m
[0m[1mmodule.iam.aws_iam_role_policy.lb_controller: Creating...[0m[0m
[0m[1mmodule.iam.aws_iam_role.eso: Creation complete after 2s [id=petclinic-dev-eso-role][0m
[0m[1mmodule.iam.aws_iam_role_policy.eso: Creating...[0m[0m
[0m[1mmodule.iam.aws_iam_role_policy_attachment.ebs_csi: Creation complete after 1s [id=petclinic-dev-ebs-csi-role-20260512054116543500000002][0m
[0m[1mmodule.iam.aws_iam_role_policy.github_actions: Creation complete after 1s [id=petclinic-github-actions-role:petclinic-github-actions-ecr-policy][0m
[0m[1mmodule.iam.aws_iam_role_policy.eso: Creation complete after 1s [id=petclinic-dev-eso-role:petclinic-dev-eso-policy][0m
[0m[1mmodule.iam.aws_iam_role_policy.lb_controller: Creation complete after 1s [id=petclinic-dev-lb-controller-role:petclinic-dev-lb-controller-policy][0m
[0m[1mmodule.eks.aws_eks_node_group.main: Still modifying... [id=petclinic-dev:petclinic-dev-nodes, 00m10s elapsed][0m[0m
[0m[1mmodule.eks.aws_eks_node_group.main: Modifications complete after 17s [id=petclinic-dev:petclinic-dev-nodes][0m
Releasing state lock. This may take a few moments...
[0m[1m[32m
Apply complete! Resources: 8 added, 1 changed, 0 destroyed.[0m
[0m[1m[32m
Outputs:

[0malb_security_group_id = "sg-0b727f6adcdf3f9a4"
aws_account_id = "482352877891"
aws_region = "us-east-1"
ecr_environment_prefix = "petclinic-dev"
ecr_repository_arns = {
  "admin-server" = "arn:aws:ecr:us-east-1:482352877891:repository/petclinic-dev/admin-server"
  "api-gateway" = "arn:aws:ecr:us-east-1:482352877891:repository/petclinic-dev/api-gateway"
  "config-server" = "arn:aws:ecr:us-east-1:482352877891:repository/petclinic-dev/config-server"
  "customers-service" = "arn:aws:ecr:us-east-1:482352877891:repository/petclinic-dev/customers-service"
  "discovery-server" = "arn:aws:ecr:us-east-1:482352877891:repository/petclinic-dev/discovery-server"
  "genai-service" = "arn:aws:ecr:us-east-1:482352877891:repository/petclinic-dev/genai-service"
  "vets-service" = "arn:aws:ecr:us-east-1:482352877891:repository/petclinic-dev/vets-service"
  "visits-service" = "arn:aws:ecr:us-east-1:482352877891:repository/petclinic-dev/visits-service"
}
ecr_repository_names = {
  "admin-server" = "petclinic-dev/admin-server"
  "api-gateway" = "petclinic-dev/api-gateway"
  "config-server" = "petclinic-dev/config-server"
  "customers-service" = "petclinic-dev/customers-service"
  "discovery-server" = "petclinic-dev/discovery-server"
  "genai-service" = "petclinic-dev/genai-service"
  "vets-service" = "petclinic-dev/vets-service"
  "visits-service" = "petclinic-dev/visits-service"
}
ecr_repository_urls = {
  "admin-server" = "482352877891.dkr.ecr.us-east-1.amazonaws.com/petclinic-dev/admin-server"
  "api-gateway" = "482352877891.dkr.ecr.us-east-1.amazonaws.com/petclinic-dev/api-gateway"
  "config-server" = "482352877891.dkr.ecr.us-east-1.amazonaws.com/petclinic-dev/config-server"
  "customers-service" = "482352877891.dkr.ecr.us-east-1.amazonaws.com/petclinic-dev/customers-service"
  "discovery-server" = "482352877891.dkr.ecr.us-east-1.amazonaws.com/petclinic-dev/discovery-server"
  "genai-service" = "482352877891.dkr.ecr.us-east-1.amazonaws.com/petclinic-dev/genai-service"
  "vets-service" = "482352877891.dkr.ecr.us-east-1.amazonaws.com/petclinic-dev/vets-service"
  "visits-service" = "482352877891.dkr.ecr.us-east-1.amazonaws.com/petclinic-dev/visits-service"
}
eks_cluster_certificate_authority_data = <sensitive>
eks_cluster_endpoint = "https://6514929A3E8F5877215665F5865535D0.gr7.us-east-1.eks.amazonaws.com"
eks_cluster_name = "petclinic-dev"
eks_cluster_role_arn = "arn:aws:iam::482352877891:role/petclinic-dev-eks-cluster-role"
eks_cluster_security_group_id = "sg-08ad864c18bbc4221"
eks_node_group_name = "petclinic-dev-nodes"
eks_node_role_arn = "arn:aws:iam::482352877891:role/petclinic-dev-eks-node-role"
eks_node_security_group_id = "sg-06fc7ab81b16cba69"
eks_oidc_provider_arn = "arn:aws:iam::482352877891:oidc-provider/oidc.eks.us-east-1.amazonaws.com/id/6514929A3E8F5877215665F5865535D0"
eks_oidc_provider_url = "oidc.eks.us-east-1.amazonaws.com/id/6514929A3E8F5877215665F5865535D0"
iam_ebs_csi_role_arn = "arn:aws:iam::482352877891:role/petclinic-dev-ebs-csi-role"
iam_eso_role_arn = "arn:aws:iam::482352877891:role/petclinic-dev-eso-role"
iam_github_actions_role_arn = "arn:aws:iam::482352877891:role/petclinic-github-actions-role"
iam_lb_controller_role_arn = "arn:aws:iam::482352877891:role/petclinic-dev-lb-controller-role"
internet_gateway_id = "igw-085b5e15c7345aaa3"
public_route_table_id = "rtb-05c53054a02efe726"
public_subnet_cidrs = [
  "10.0.1.0/24",
  "10.0.2.0/24",
]
public_subnet_ids = [
  "subnet-04aa30963087ffcc8",
  "subnet-0c7d712147166d33e",
]
rds_backup_retention_period = 1
rds_backup_window = "03:00-04:00"
rds_copy_tags_to_snapshot = true
rds_deletion_protection = false
rds_maintenance_window = "sun:04:00-sun:05:00"
rds_security_group_id = "sg-05f524b3bc7e9fc86"
rds_skip_final_snapshot = false
vpc_cidr = "10.0.0.0/16"
vpc_id = "vpc-0fc81a2790cbd4697"
